---
source: apollo-router/src/plugins/telemetry/config_new/extendable.rs
expression: o
---
attributes:
  graphql.operation.name: true
  graphql.operation.type: true
custom:
  custom_1:
    operation_name: string
  custom_2:
    operation_name: string
